[18:45:21] [ServerMain/INFO]: Environment: authHost='https://authserver.mojang.com', accountsHost='https://api.mojang.com', sessionHost='https://sessionserver.mojang.com', servicesHost='https://api.minecraftservices.com', name='PROD'
[18:45:22] [ServerMain/INFO]: Loaded 7 recipes
[18:45:22] [Server thread/INFO]: Starting minecraft server version 1.20.1
[18:45:22] [Server thread/INFO]: Loading properties
[18:45:22] [Server thread/INFO]: This server is running Paper version git-Paper-196 (MC: 1.20.1) (Implementing API version 1.20.1-R0.1-SNAPSHOT) (Git: 773dd72)
[18:45:22] [Server thread/INFO]: Server Ping Player Sample Count: 12
[18:45:22] [Server thread/INFO]: Using 4 threads for Netty based IO
[18:45:23] [Server thread/WARN]: [!] The timings profiler has been enabled but has been scheduled for removal from Paper in the future.
    We recommend installing the spark profiler as a replacement: https://spark.lucko.me/
    For more information please visit: https://github.com/PaperMC/Paper/issues/8948
[18:45:23] [Server thread/INFO]: [ChunkTaskScheduler] Chunk system is using 1 I/O threads, 3 worker threads, and gen parallelism of 3 threads
[18:45:23] [Server thread/INFO]: Default game type: SURVIVAL
[18:45:23] [Server thread/INFO]: Generating keypair
[18:45:23] [Server thread/INFO]: Starting Minecraft server on *:25565
[18:45:23] [Server thread/INFO]: Using default channel type
[18:45:23] [Server thread/INFO]: Paper: Using Java compression from Velocity.
[18:45:23] [Server thread/INFO]: Paper: Using Java cipher from Velocity.
[18:45:23] [Server thread/INFO]: [Vault] Loading server plugin Vault v1.7.3-b131
[18:45:23] [Server thread/INFO]: [SimpleAuction] Loading server plugin SimpleAuction v1.0
[18:45:23] [Server thread/INFO]: [Essentials] Loading server plugin Essentials v2.20.1
[18:45:23] [Server thread/INFO]: Server permissions file permissions.yml is empty, ignoring it
[18:45:23] [Server thread/INFO]: [Vault] Enabling Vault v1.7.3-b131
[18:45:23] [Server thread/INFO]: [Vault] [Economy] Essentials Economy found: Waiting
[18:45:23] [Server thread/INFO]: [Vault] [Permission] SuperPermissions loaded as backup permission system.
[18:45:23] [Server thread/INFO]: [Vault] Enabled Version 1.7.3-b131
[18:45:23] [Server thread/WARN]: **** SERVER IS RUNNING IN OFFLINE/INSECURE MODE!
[18:45:23] [Server thread/WARN]: The server will make no attempt to authenticate usernames. Beware.
[18:45:23] [Server thread/WARN]: While this makes the game possible to play without internet access, it also opens up the ability for hackers to connect with any username they choose.
[18:45:23] [Server thread/WARN]: To change this, set "online-mode" to "true" in the server.properties file.
[18:45:23] [Server thread/INFO]: Preparing level "world"
[18:45:23] [Server thread/INFO]: Preparing start region for dimension minecraft:overworld
[18:45:24] [Server thread/INFO]: Time elapsed: 198 ms
[18:45:24] [Server thread/INFO]: Preparing start region for dimension minecraft:the_nether
[18:45:24] [Server thread/INFO]: Time elapsed: 28 ms
[18:45:24] [Server thread/INFO]: Preparing start region for dimension minecraft:the_end
[18:45:24] [Server thread/INFO]: Time elapsed: 28 ms
[18:45:24] [Server thread/INFO]: [SimpleAuction] Enabling SimpleAuction v1.0
[18:45:24] [Server thread/INFO]: [SimpleAuction] Загружено 1 предметов
[18:45:24] [Server thread/INFO]: [SimpleAuction] =========================================
[18:45:24] [Server thread/INFO]: [SimpleAuction] SimpleAuction v1.0 включен!
[18:45:24] [Server thread/INFO]: [SimpleAuction] Тип экономики: COMMAND
[18:45:24] [Server thread/INFO]: [SimpleAuction] Команды: /ah, /ah sell <цена>, /ah profile, /ah reload
[18:45:24] [Server thread/INFO]: [SimpleAuction] =========================================
[18:45:24] [Server thread/INFO]: [Essentials] Enabling Essentials v2.20.1
[18:45:24] [Server thread/INFO]: [Essentials] Attempting to convert old kits in config.yml to new kits.yml
[18:45:24] [Server thread/INFO]: [Essentials] No kits found to migrate.
[18:45:24] [Server thread/INFO]: [Essentials] Starting Essentials ban format conversion
[18:45:24] [Server thread/INFO]: [Essentials] Found 1 files to convert...
[18:45:24] [Server thread/INFO]: [Essentials] Converted 0/1
[18:45:24] [Server thread/INFO]: [Essentials] Ban format update complete.
[18:45:24] [Server thread/INFO]: [Essentials] Attempting to migrate ignore list to UUIDs
[18:45:24] [Server thread/INFO]: [Essentials] Done converting ignore list.
[18:45:24] [Server thread/INFO]: [Essentials] Attempting to migrate legacy userdata keys to Configurate
[18:45:24] [Server thread/INFO]: [Essentials] Done converting legacy userdata keys to Configurate.
[18:45:24] [Server thread/INFO]: [Essentials] Done converting mail list.
[18:45:24] [Server thread/INFO]: [Essentials] #===========================================================================#
[18:45:24] [Server thread/INFO]: [Essentials]  EssentialsX will now purge any NPC accounts which were incorrectly created.
[18:45:24] [Server thread/INFO]: [Essentials]  Only NPC accounts with the default starting balance will be deleted. If
[18:45:24] [Server thread/INFO]: [Essentials]  they turn out to be valid NPC accounts, they will be re-created as needed.
[18:45:24] [Server thread/INFO]: [Essentials]  Any files deleted here will be backed up to the 
[18:45:24] [Server thread/INFO]: [Essentials]  "plugins/Essentials/userdata-npc-backup" folder. If you notice any files
[18:45:24] [Server thread/INFO]: [Essentials]  have been purged incorrectly, you should restore it from the backup and
[18:45:24] [Server thread/INFO]: [Essentials]  report it to us on GitHub:
[18:45:24] [Server thread/INFO]: [Essentials]  https://github.com/EssentialsX/Essentials/issues/new/choose
[18:45:24] [Server thread/INFO]: [Essentials] 
[18:45:24] [Server thread/INFO]: [Essentials]  NOTE: This is a one-time process and will take several minutes if you have
[18:45:24] [Server thread/INFO]: [Essentials]  a lot of userdata files! If you interrupt this process, EssentialsX will
[18:45:24] [Server thread/INFO]: [Essentials]  skip the process until you rename or remove the backup folder.
[18:45:24] [Server thread/INFO]: [Essentials] #===========================================================================#
[18:45:24] [Server thread/INFO]: [Essentials] Found ~1 files under "plugins/Essentials/userdata"...
[18:45:24] [Server thread/INFO]: [Essentials] #===========================================================================#
[18:45:24] [Server thread/INFO]: [Essentials]  EssentialsX has finished purging NPC accounts.
[18:45:24] [Server thread/INFO]: [Essentials] 
[18:45:24] [Server thread/INFO]: [Essentials]  Deleted accounts: 0
[18:45:24] [Server thread/INFO]: [Essentials]  Total accounts processed: 1
[18:45:24] [Server thread/INFO]: [Essentials] 
[18:45:24] [Server thread/INFO]: [Essentials]  Purged accounts have been backed up to
[18:45:24] [Server thread/INFO]: [Essentials]  "plugins/Essentials/userdata-npc-backup", and can be restored from there
[18:45:24] [Server thread/INFO]: [Essentials]  if needed. Please report any files which have been incorrectly deleted
[18:45:24] [Server thread/INFO]: [Essentials]  to us on GitHub:
[18:45:24] [Server thread/INFO]: [Essentials]  https://github.com/EssentialsX/Essentials/issues/new/choose
[18:45:24] [Server thread/INFO]: [Essentials] #===========================================================================#
[18:45:24] [Server thread/INFO]: [Essentials] Loaded 39094 items from items.json.
[18:45:24] [Server thread/INFO]: [Essentials] Using locale ru_RU
[18:45:25] [Server thread/INFO]: [Essentials] ServerListPingEvent: Spigot iterator API
[18:45:25] [Server thread/INFO]: [Essentials] Starting Metrics. Opt-out using the global bStats config.
[18:45:25] [Server thread/INFO]: [Vault] [Economy] Essentials Economy hooked.
[18:45:25] [Server thread/INFO]: [Essentials] Using superperms-based permissions.
[18:45:25] [Server thread/INFO]: Running delayed init tasks
[18:45:25] [Server thread/INFO]: [Essentials] Essentials found a compatible payment resolution method: Vault Compatibility Layer (v1.7.3-b131)!
[18:45:25] [Server thread/INFO]: Done (2.576s)! For help, type "help"
[18:45:25] [Craft Scheduler Thread - 3 - Vault/INFO]: [Vault] Checking for Updates ... 
[18:45:25] [Craft Scheduler Thread - 2 - Essentials/INFO]: [Essentials] Получение информации о версии...
[18:45:25] [Server thread/INFO]: Timings Reset
[18:45:25] [Craft Scheduler Thread - 3 - Vault/INFO]: [Vault] No new version available
[18:45:25] [Craft Scheduler Thread - 2 - Essentials/WARN]: [Essentials] Для скачивания доступна новая версия EssentialsX: 2.21.2.
[18:45:25] [Craft Scheduler Thread - 2 - Essentials/WARN]: [Essentials] Скачайте её отсюда: https://essentialsx.net/downloads.html?branch=stable
[18:45:32] [User Authenticator #0/INFO]: UUID of player xuriyz is 32627f6b-6b23-37de-9e9c-a865873fdfc1
[18:45:32] [Server thread/INFO]: xuriyz joined the game
[18:45:32] [Server thread/INFO]: xuriyz[/127.0.0.1:63410] logged in with entity id 338 at ([world]35.788790492991076, 72.0, 64.69999998807907)
[18:45:37] [Server thread/INFO]: xuriyz issued server command: /plugins
[18:45:39] [Server thread/INFO]: xuriyz issued server command: /version SimpleAuction
[18:45:42] [Server thread/INFO]: xuriyz issued server command: /ah
[18:46:01] [Server thread/INFO]: xuriyz issued server command: /ah
[18:46:11] [Server thread/INFO]: xuriyz issued server command: /ah
[18:46:17] [Server thread/INFO]: xuriyz issued server command: /ah
[18:46:56] [Server thread/INFO]: xuriyz issued server command: /ah sell 19
[18:46:58] [Server thread/INFO]: xuriyz issued server command: /ah
[18:47:04] [Server thread/INFO]: xuriyz issued server command: /ah
